****************************************************** 
* guineapig++ Version 1.2.2
* Program written by Daniel Schulte at DESY and CERN 
* object oriented by Guy Le Meur at LAL-Orsay 
* contributions from C. Rimbault at LAL-Orsay 
* B. Dalena, J. Esberg and J. Snuverink at CERN
*
* Compiled with FFTW:  FFTW3 
**************************************************** 

                                         
 *********************************************************************** 
 -------------  beam parameter 1 ------------ 
             
 energy : 5000 GeV ; particles : 3.72e+09
  sigma_x  : 23.0547 nm ;  sigma_y : 0.606564 nm ; sigma_z : 44 micrometers 
 emitt_x : 0.66 emitt_y : 0.02  (mm.mrad) 
 beta_x : 7880 beta_y : 180 (micrometers) 
 offset_x : 0 nm ; offset_y : 0 nm ; offset_z : 0 micrometers 
 waist_x : 0 waist_y : 0 (micrometers) 
 angle_x : 0 angle_y : 0 angle_phi : 0 (radians) 
 type of distribution charge :  dist_x : 0 dist_z : 0
 initial polarization (ONLY FOR bmt_precession = 1 and internally generated beam) : polar_x = 0 polar_y = 0 polar_z = 1
                                         
 *********************************************************************** 
 -------------  beam parameter 2 ------------ 
             
 energy : 5000 GeV ; particles : 3.72e+09
  sigma_x  : 23.0547 nm ;  sigma_y : 0.606564 nm ; sigma_z : 44 micrometers 
 emitt_x : 0.66 emitt_y : 0.02  (mm.mrad) 
 beta_x : 7880 beta_y : 180 (micrometers) 
 offset_x : 0 nm ; offset_y : 0 nm ; offset_z : -0 micrometers 
 waist_x : 0 waist_y : 0 (micrometers) 
 angle_x : 0 angle_y : 0 angle_phi : 0 (radians) 
 type of distribution charge :  dist_x : 0 dist_z : 0
 initial polarization (ONLY FOR bmt_precession = 1 and internally generated beam) : polar_x = 0 polar_y = 0 polar_z = 1
                                         
 *********************************************************************** 
 ------------- SWITCHES :  ------------ 
             
charge_sign = -1
bmt_precession = 0
ST_spin_flip = 0
do_bds_spin_rotation = 0
automatic_grid_sizing = 0
integration_method = 2 force_symmetric = 0
rndm_load = 1rndm_save = 1 rndm_seed = 1
do_photons.1 = 1 do_photons.2 = 1
write_photons = 0
do_comp = 0 do_prod = 0
electron_ratio = 0.2
compt_x_min = 1 compt_emax = 100 GeV ; compt_scale = 1
do_lumi = 1num_lumi = 100000 lumi_p = 1e-29
do_cross = 0 do_isr = 0 do_espread = 0
photon_ratio = 0.2
do_hadrons = 0 store_hadrons = 0 hadron_ratio = 100000
do_jets = 0 store_jets = 0
do_pairs = 0 load_events = 0
track_pairs = 0 pair_step = 1
store_pairs = 0
bhabha_scal = 1e-29 bhabha_ecmload = 500 GeV 
do_muons = 0 track_muons = 0 store_muons = 0
muon_ratio = 1 muon_scale = 1 muon_ecut = 0.105
do_coherent = 1
do_trident = 0
emin = 0
grids = 1
pair_ecut = 0.005 GeV 
pair_ratio = 1
bhabha_ratio = 1
pair_q2 = 2
beam_pair = 0
jet_ratio = 100000
jet_ptmin = 2
jet_pythia = 0
jet_log = 1
beam_size = 1 beam_size_scale = 1 ext_field = 0
espread.1 = 0.003 which_espread.1 = 1 espread.2 = 0.003 which_espread.2 = 1
f_rep = 50 n_b = 312
do_edm4hep = 0
                                         
 *********************************************************************** 
 ------------- grid parameters ------------ 
             
n_x = 110 n_y = 100
n_z = 50 n_t = 1
n_m.1 = 100000 n_m.2 = 100000
cut_x = 69.1642 nm ; cut_y = 1.81969 nm ; cut_z = 132 micrometers 

 ...................................................... 
 relative amount of interacting particles that were outside the grid during one time step : 
beam 1 : miss = 0.552285  beam 2 : miss = 0.568862
 number of interacting part. that were outside the grid during one time step : 
out.1=34878;out.2=34531;
                                         
 *********************************************************************** 
 ------------- beam1 ------------ 
             
 ---------- particle beam : 
slice 0 contains 20  coherent particles with 5971.33 GeV 
slice 1 contains 40  coherent particles with -2169.11 GeV 
slice 2 contains 38  coherent particles with -1080.88 GeV 
slice 3 contains 48  coherent particles with -3830.23 GeV 
slice 4 contains 48  coherent particles with 1752.07 GeV 
slice 5 contains 76  coherent particles with -518.93 GeV 
slice 6 contains 110  coherent particles with -6346.7 GeV 
slice 7 contains 180  coherent particles with -7162.86 GeV 
slice 8 contains 194  coherent particles with 4368.1 GeV 
slice 9 contains 244  coherent particles with 10096.6 GeV 
slice 10 contains 262  coherent particles with -6632.21 GeV 
slice 11 contains 326  coherent particles with -24925 GeV 
slice 12 contains 464  coherent particles with 18336.7 GeV 
slice 13 contains 470  coherent particles with -12248.4 GeV 
slice 14 contains 674  coherent particles with -3997.07 GeV 
slice 15 contains 836  coherent particles with -15000.3 GeV 
slice 16 contains 962  coherent particles with -26183.9 GeV 
slice 17 contains 1006  coherent particles with 9171 GeV 
slice 18 contains 1286  coherent particles with 11452.9 GeV 
slice 19 contains 1462  coherent particles with -80671 GeV 
slice 20 contains 1786  coherent particles with -86914.5 GeV 
slice 21 contains 1896  coherent particles with -8607.36 GeV 
slice 22 contains 2092  coherent particles with -77728.4 GeV 
slice 23 contains 2168  coherent particles with -19165.7 GeV 
slice 24 contains 2264  coherent particles with -82658.6 GeV 
slice 25 contains 2306  coherent particles with -24414.1 GeV 
slice 26 contains 2318  coherent particles with -94167.8 GeV 
slice 27 contains 2274  coherent particles with -40086.5 GeV 
slice 28 contains 2282  coherent particles with -8829.78 GeV 
slice 29 contains 2238  coherent particles with -19649.7 GeV 
slice 30 contains 2176  coherent particles with 3128.32 GeV 
slice 31 contains 2152  coherent particles with -11380.8 GeV 
slice 32 contains 1888  coherent particles with -29095.8 GeV 
slice 33 contains 1908  coherent particles with 33238.2 GeV 
slice 34 contains 1722  coherent particles with 51183 GeV 
slice 35 contains 1418  coherent particles with -10882.8 GeV 
slice 36 contains 1284  coherent particles with -8970.07 GeV 
slice 37 contains 1266  coherent particles with 12041.9 GeV 
slice 38 contains 1086  coherent particles with -12913.6 GeV 
slice 39 contains 854  coherent particles with -19392 GeV 
slice 40 contains 834  coherent particles with -19721.6 GeV 
slice 41 contains 550  coherent particles with -3969.94 GeV 
slice 42 contains 440  coherent particles with -10144.5 GeV 
slice 43 contains 370  coherent particles with 5892.89 GeV 
slice 44 contains 276  coherent particles with 1695.81 GeV 
slice 45 contains 228  coherent particles with -17906 GeV 
slice 46 contains 174  coherent particles with -2796.17 GeV 
slice 47 contains 88  coherent particles with -9353.06 GeV 
slice 48 contains 66  coherent particles with 3125.5 GeV 
slice 49 contains 48  coherent particles with -396.99 GeV 
 total number of coherent particles is 49198 with -638458 GeV 
 number of tracked macroparticles : 99733
average energy loss of the beam particles (GeV) : de = 1571.23
 ---photon statistics : 
 initial : 
 initial average photon energy (GeV) phot-e1 : 610.005
 initial number of phot. per tracked macropart.1 : 2.69756
 final : 
 final average photon energy (GeV) phot-e1 : 510.59
 final number of phot. per tracked macropart.1 : 2.45091

phot-e1=510.59;n_phot1=2.45091;
de1=1571.23;
                                         
 *********************************************************************** 
 ------------- beam2 ------------ 
             
 ---------- particle beam : 
slice 0 contains 12  coherent particles with -2818.35 GeV 
slice 1 contains 26  coherent particles with -2267.1 GeV 
slice 2 contains 38  coherent particles with -3583.65 GeV 
slice 3 contains 40  coherent particles with 2862.92 GeV 
slice 4 contains 68  coherent particles with 8473.78 GeV 
slice 5 contains 80  coherent particles with -2560.76 GeV 
slice 6 contains 106  coherent particles with -12412.7 GeV 
slice 7 contains 146  coherent particles with -16696.1 GeV 
slice 8 contains 194  coherent particles with -1968.8 GeV 
slice 9 contains 252  coherent particles with 1592.06 GeV 
slice 10 contains 268  coherent particles with -9053.09 GeV 
slice 11 contains 320  coherent particles with 9007.45 GeV 
slice 12 contains 418  coherent particles with -18232.4 GeV 
slice 13 contains 578  coherent particles with -32879.3 GeV 
slice 14 contains 764  coherent particles with 29829.6 GeV 
slice 15 contains 770  coherent particles with -11794.3 GeV 
slice 16 contains 956  coherent particles with -53794.7 GeV 
slice 17 contains 1048  coherent particles with -4784.15 GeV 
slice 18 contains 1336  coherent particles with -28124.7 GeV 
slice 19 contains 1468  coherent particles with -24161 GeV 
slice 20 contains 1598  coherent particles with -44560.8 GeV 
slice 21 contains 1798  coherent particles with 28576.2 GeV 
slice 22 contains 2026  coherent particles with -25748 GeV 
slice 23 contains 2004  coherent particles with -66488.9 GeV 
slice 24 contains 2226  coherent particles with -40970.3 GeV 
slice 25 contains 2280  coherent particles with -67533.5 GeV 
slice 26 contains 2298  coherent particles with -38543.7 GeV 
slice 27 contains 2390  coherent particles with 7505.26 GeV 
slice 28 contains 2154  coherent particles with -32568.1 GeV 
slice 29 contains 2458  coherent particles with -19474.2 GeV 
slice 30 contains 2068  coherent particles with -2610.4 GeV 
slice 31 contains 2082  coherent particles with -58552.6 GeV 
slice 32 contains 1936  coherent particles with -13522.4 GeV 
slice 33 contains 1892  coherent particles with 30008.4 GeV 
slice 34 contains 1638  coherent particles with -25261.6 GeV 
slice 35 contains 1574  coherent particles with -52526.9 GeV 
slice 36 contains 1306  coherent particles with 8034.59 GeV 
slice 37 contains 1342  coherent particles with -25474.8 GeV 
slice 38 contains 1040  coherent particles with -45028 GeV 
slice 39 contains 856  coherent particles with -13981 GeV 
slice 40 contains 764  coherent particles with -25068.4 GeV 
slice 41 contains 612  coherent particles with -12624 GeV 
slice 42 contains 452  coherent particles with -9101.68 GeV 
slice 43 contains 332  coherent particles with 3660.33 GeV 
slice 44 contains 274  coherent particles with 8825.99 GeV 
slice 45 contains 210  coherent particles with 499.288 GeV 
slice 46 contains 182  coherent particles with -1870.07 GeV 
slice 47 contains 100  coherent particles with -27019.2 GeV 
slice 48 contains 118  coherent particles with -1315.38 GeV 
slice 49 contains 60  coherent particles with 451.509 GeV 
 total number of coherent particles is 48958 with -735648 GeV 
 number of tracked macroparticles : 99733
average energy loss of the beam particles (GeV) : de = 1573.7
 ---photon statistics : 
 initial : 
 initial average photon energy (GeV) phot-e2 : 608.353
 initial number of phot. per tracked macropart.2 : 2.70975
 final : 
 final average photon energy (GeV) phot-e2 : 509.914
 final number of phot. per tracked macropart.2 : 2.4643

phot-e2=509.914;n_phot2=2.4643;
de2=1573.7;
                                         
 *********************************************************************** 
 ------------- coherent particles results ------------ 
             
coherent.sum=1.8257e+09;
coherent.sumeng=2.91617e+12;
coherent.upsmax=1.51456e-05;
coherent.probmax=0.0883281;
coherent.count=98156;
coherent.total_energy=7.83918e+07;
                                         
 *********************************************************************** 
 ------------- general results ------------ 
             
lumi_fine = 2.33177e+35 m**(-2) (from charge densities) 
lumi_ee = 2.47805e+35 m**(-2) (from beam particles collisions)
lumi_ee_high = 1.19073e+35 1/m2 (per bunch cross. above energy ecm_min)
lumi_pp = 0 m**(-2) 
lumi_eg = 1.85557e+35 m**(-2) (e - gamma) 
lumi_ge = 1.86604e+35 m**(-2) ( gamma - e) 
lumi_gg = 1.68381e+35 m**(-2) (gamma - gamma) 
lumi_gg_high = 1.68381e+35 1/m2 (gamma - gamma, with c.o.m energy more than gg_cut) 
lumi[0][0] = 5.57665e+37
lumi[0][1] = 3.8629e+39
lumi[0][2] = 2.82462e+39
lumi[1][0] = 2.85377e+36
lumi[1][1] = 5.71698e+37
lumi[1][2] = 7.0059e+37
lumi[2][0] = 7.07194e+37
lumi[2][1] = 2.84031e+39
lumi[2][2] = 3.0789e+39
upsmax= 141.928 (maximal value of the beamstrahlung paramater that occured) 
E_cm = 6721.79 E_cm_var = 3203.09
 ............................................... 
 average and RMS angles (x or y) of the particles of each beam after the interaction (microradians) : 
bpm_vx.1=-0.228962;bpm_sig_vx.1=179.1;
bpm_vy.1=-0.704779;bpm_sig_vy.1=63.6674;
bpm_vx.2=-0.0630662;bpm_sig_vx.2=182.526;
bpm_vy.2=-0.368928;bpm_sig_vy.2=64.9868;
 average and RMS angles (x or y) including coherent particles of each beam after the interaction (microradians) : 
bpm_vx_coh.1=-6.80092;
bpm_vy_coh.1=-2.61368;
bpm_vx_coh.2=-5.93638;
bpm_vy_coh.2=-2.03589;
 ............................................... 
 minimal photon-photon center of mass energies for hadronic events (GeV) : 
hadron_cut.1=2;hadron_cut.2=5;hadron_cut.3=10;
 nb of hadronic events per bunch crossing due to the virtual photons in ee collisions : 
hadrons_ee.1=0;hadrons_ee.2=0;hadrons_ee.3=0;
 nb of hadronic evts per bx due to e-gamma collisions 
hadrons_eg.1=0;hadrons_eg.2=0;hadrons_eg.3=0;
 .. due to gamma-e collisions : 
hadrons_ge.1=0;hadrons_ge.2=0;hadrons_ge.3=0;
 ... due to gamma-gamma collisions : 
hadrons_gg.1=0;hadrons_gg.2=0;hadrons_gg.3=0;
 ... due to all types of collisions : 
hadrons_sum.1=0;hadrons_sum.2=0;hadrons_sum.3=0;
 ............................................... 

lumi_ee=2.47805e+35;
lumi_ee_high=1.19073e+35;
step   lumi total   lumi peak 
1  0  0
2  0  0
3  0  0
4  0  0
5  7.55927e+29  7.55927e+29
6  2.26778e+30  2.26778e+30
7  7.55927e+29  7.55927e+29
8  3.77963e+30  3.77963e+30
9  4.53556e+30  4.53556e+30
10  6.80334e+30  6.80334e+30
11  7.55927e+30  7.55927e+30
12  1.43626e+31  1.43626e+31
13  2.11659e+31  2.11659e+31
14  2.72134e+31  2.64574e+31
15  3.77963e+31  3.70404e+31
16  5.29149e+31  4.98912e+31
17  6.80334e+31  6.50097e+31
18  8.54197e+31  8.01282e+31
19  1.11121e+32  1.07342e+32
20  1.67816e+32  1.54209e+32
21  1.92005e+32  1.75375e+32
22  2.26022e+32  2.13171e+32
23  3.0615e+32  2.82717e+32
24  3.90058e+32  3.56041e+32
25  4.5658e+32  4.07444e+32
26  5.67701e+32  5.08739e+32
27  6.96964e+32  6.07765e+32
28  8.67048e+32  7.50635e+32
29  1.0137e+33  8.8519e+32
30  1.27752e+33  1.08551e+33
31  1.48691e+33  1.24274e+33
32  1.76962e+33  1.47103e+33
33  2.1113e+33  1.71444e+33
34  2.63289e+33  2.1113e+33
35  3.18396e+33  2.57393e+33
36  3.51657e+33  2.78332e+33
37  4.39874e+33  3.38806e+33
38  5.07831e+33  3.86581e+33
39  5.34591e+33  3.87866e+33
40  5.76848e+33  4.17952e+33
41  6.44427e+33  4.401e+33
42  6.72397e+33  4.52649e+33
43  7.20927e+33  4.66407e+33
44  7.61672e+33  4.64139e+33
45  8.25245e+33  4.79106e+33
46  8.44446e+33  4.86741e+33
47  9.06054e+33  4.88329e+33
48  9.4007e+33  5.04354e+33
49  9.53828e+33  4.82886e+33
50  9.76884e+33  4.79711e+33
51  9.44757e+33  4.29215e+33
52  9.70307e+33  4.26569e+33
53  9.23667e+33  3.98222e+33
54  8.75061e+33  3.58309e+33
55  8.48074e+33  3.24595e+33
56  8.07027e+33  2.95416e+33
57  7.84652e+33  2.74855e+33
58  7.16694e+33  2.28139e+33
59  6.47678e+33  1.94273e+33
60  6.19557e+33  1.7341e+33
61  5.6188e+33  1.45062e+33
62  4.86514e+33  1.19361e+33
63  4.46601e+33  1.01521e+33
64  3.92099e+33  7.63486e+32
65  3.63676e+33  6.72775e+32
66  3.12802e+33  5.21589e+32
67  2.82943e+33  4.2861e+32
68  2.43257e+33  3.71916e+32
69  1.94651e+33  2.47188e+32
70  1.70613e+33  2.21486e+32
71  1.47935e+33  1.61012e+32
72  1.28961e+33  1.23216e+32
73  9.81193e+32  8.01282e+31
74  7.92967e+32  6.27419e+31
75  7.08303e+32  6.1986e+31
76  4.98912e+32  2.79693e+31
77  4.08956e+32  3.85523e+31
78  3.3034e+32  2.49456e+31
79  2.88008e+32  2.11659e+31
80  1.74619e+32  5.29149e+30
81  1.65548e+32  1.13389e+31
82  1.29263e+32  8.31519e+30
83  9.2223e+31  7.55927e+30
84  5.89623e+31  2.26778e+30
85  4.53556e+31  2.26778e+30
86  2.11659e+31  3.02371e+30
87  2.11659e+31  1.51185e+30
88  1.13389e+31  1.51185e+30
89  1.13389e+31  1.51185e+30
90  5.29149e+30  0
91  1.51185e+30  7.55927e+29
92  7.55927e+29  0
93  2.26778e+30  7.55927e+29
94  7.55927e+29  0
95  7.55927e+29  0
96  0  0
97  7.55927e+29  7.55927e+29
98  7.55927e+29  0
99  0  0
                                         
 *********************************************************************** 
 ------------- other information  ------------ 
             
