****************************************************** 
* guineapig++ Version 1.2.2
* Program written by Daniel Schulte at DESY and CERN 
* object oriented by Guy Le Meur at LAL-Orsay 
* contributions from C. Rimbault at LAL-Orsay 
* B. Dalena, J. Esberg and J. Snuverink at CERN
*
* Compiled with FFTW:  FFTW3 
**************************************************** 

                                         
 *********************************************************************** 
 -------------  beam parameter 1 ------------ 
             
 energy : 5000 GeV ; particles : 3.72e+09
  sigma_x  : 23.0547 nm ;  sigma_y : 0.606564 nm ; sigma_z : 44 micrometers 
 emitt_x : 0.66 emitt_y : 0.02  (mm.mrad) 
 beta_x : 7880 beta_y : 180 (micrometers) 
 offset_x : 0 nm ; offset_y : 0 nm ; offset_z : 0 micrometers 
 waist_x : 0 waist_y : 0 (micrometers) 
 angle_x : 0 angle_y : 0 angle_phi : 0 (radians) 
 type of distribution charge :  dist_x : 0 dist_z : 0
 initial polarization (ONLY FOR bmt_precession = 1 and internally generated beam) : polar_x = 0 polar_y = 0 polar_z = 1
                                         
 *********************************************************************** 
 -------------  beam parameter 2 ------------ 
             
 energy : 5000 GeV ; particles : 3.72e+09
  sigma_x  : 23.0547 nm ;  sigma_y : 0.606564 nm ; sigma_z : 44 micrometers 
 emitt_x : 0.66 emitt_y : 0.02  (mm.mrad) 
 beta_x : 7880 beta_y : 180 (micrometers) 
 offset_x : 0 nm ; offset_y : 0 nm ; offset_z : -0 micrometers 
 waist_x : 0 waist_y : 0 (micrometers) 
 angle_x : 0 angle_y : 0 angle_phi : 0 (radians) 
 type of distribution charge :  dist_x : 0 dist_z : 0
 initial polarization (ONLY FOR bmt_precession = 1 and internally generated beam) : polar_x = 0 polar_y = 0 polar_z = 1
                                         
 *********************************************************************** 
 ------------- SWITCHES :  ------------ 
             
charge_sign = -1
bmt_precession = 0
ST_spin_flip = 0
do_bds_spin_rotation = 0
automatic_grid_sizing = 0
integration_method = 2 force_symmetric = 0
rndm_load = 1rndm_save = 1 rndm_seed = 1
do_photons.1 = 1 do_photons.2 = 1
write_photons = 0
do_comp = 0 do_prod = 0
electron_ratio = 0.2
compt_x_min = 1 compt_emax = 100 GeV ; compt_scale = 1
do_lumi = 1num_lumi = 100000 lumi_p = 1e-29
do_cross = 0 do_isr = 0 do_espread = 0
photon_ratio = 0.2
do_hadrons = 0 store_hadrons = 0 hadron_ratio = 100000
do_jets = 0 store_jets = 0
do_pairs = 0 load_events = 0
track_pairs = 0 pair_step = 1
store_pairs = 0
bhabha_scal = 1e-29 bhabha_ecmload = 500 GeV 
do_muons = 0 track_muons = 0 store_muons = 0
muon_ratio = 1 muon_scale = 1 muon_ecut = 0.105
do_coherent = 1
do_trident = 0
emin = 0
grids = 1
pair_ecut = 0.005 GeV 
pair_ratio = 1
bhabha_ratio = 1
pair_q2 = 2
beam_pair = 0
jet_ratio = 100000
jet_ptmin = 2
jet_pythia = 0
jet_log = 1
beam_size = 1 beam_size_scale = 1 ext_field = 0
espread.1 = 0.003 which_espread.1 = 1 espread.2 = 0.003 which_espread.2 = 1
f_rep = 50 n_b = 312
do_edm4hep = 0
                                         
 *********************************************************************** 
 ------------- grid parameters ------------ 
             
n_x = 220 n_y = 200
n_z = 100 n_t = 1
n_m.1 = 100000 n_m.2 = 100000
cut_x = 138.328 nm ; cut_y = 3.63938 nm ; cut_z = 264 micrometers 

 ...................................................... 
 relative amount of interacting particles that were outside the grid during one time step : 
beam 1 : miss = 0.5  beam 2 : miss = 0.6
 number of interacting part. that were outside the grid during one time step : 
out.1=28851;out.2=28849;
                                         
 *********************************************************************** 
 ------------- beam1 ------------ 
             
 ---------- particle beam : 
slice 13 contains 2  coherent particles with -1920.65 GeV 
slice 15 contains 2  coherent particles with -581.657 GeV 
slice 20 contains 4  coherent particles with 2516.9 GeV 
slice 21 contains 2  coherent particles with 961.642 GeV 
slice 22 contains 2  coherent particles with -23.8927 GeV 
slice 23 contains 6  coherent particles with -2247.11 GeV 
slice 24 contains 12  coherent particles with -6175.91 GeV 
slice 25 contains 10  coherent particles with 2441.41 GeV 
slice 26 contains 18  coherent particles with 615.253 GeV 
slice 27 contains 18  coherent particles with 7404.66 GeV 
slice 28 contains 46  coherent particles with 6044.53 GeV 
slice 29 contains 50  coherent particles with 3855.67 GeV 
slice 30 contains 76  coherent particles with 4821.49 GeV 
slice 31 contains 86  coherent particles with -1243.48 GeV 
slice 32 contains 108  coherent particles with 1439.68 GeV 
slice 33 contains 142  coherent particles with 5754.11 GeV 
slice 34 contains 154  coherent particles with 10605.1 GeV 
slice 35 contains 244  coherent particles with 16841.4 GeV 
slice 36 contains 236  coherent particles with -14970.9 GeV 
slice 37 contains 374  coherent particles with -8515.05 GeV 
slice 38 contains 408  coherent particles with -26940.7 GeV 
slice 39 contains 526  coherent particles with -12776.4 GeV 
slice 40 contains 624  coherent particles with -10864.2 GeV 
slice 41 contains 674  coherent particles with 22667.8 GeV 
slice 42 contains 784  coherent particles with 4537.19 GeV 
slice 43 contains 912  coherent particles with -23663.1 GeV 
slice 44 contains 894  coherent particles with -12139.2 GeV 
slice 45 contains 1102  coherent particles with -11775.5 GeV 
slice 46 contains 1134  coherent particles with -42377 GeV 
slice 47 contains 1374  coherent particles with 3309.1 GeV 
slice 48 contains 1434  coherent particles with 15554.5 GeV 
slice 49 contains 1480  coherent particles with -6962.88 GeV 
slice 50 contains 1694  coherent particles with 18567.1 GeV 
slice 51 contains 1632  coherent particles with -37567.1 GeV 
slice 52 contains 1592  coherent particles with -8709.18 GeV 
slice 53 contains 1604  coherent particles with 21930.4 GeV 
slice 54 contains 1470  coherent particles with 27459 GeV 
slice 55 contains 1446  coherent particles with 3226.71 GeV 
slice 56 contains 1294  coherent particles with 32681.1 GeV 
slice 57 contains 1270  coherent particles with -3765 GeV 
slice 58 contains 1040  coherent particles with 32008.5 GeV 
slice 59 contains 1076  coherent particles with -24631.9 GeV 
slice 60 contains 964  coherent particles with -27803 GeV 
slice 61 contains 770  coherent particles with -22949.7 GeV 
slice 62 contains 676  coherent particles with -45257.6 GeV 
slice 63 contains 558  coherent particles with -12008.6 GeV 
slice 64 contains 472  coherent particles with -14656.6 GeV 
slice 65 contains 388  coherent particles with 987.183 GeV 
slice 66 contains 292  coherent particles with 5847.46 GeV 
slice 67 contains 208  coherent particles with 7679.77 GeV 
slice 68 contains 156  coherent particles with -20155.9 GeV 
slice 69 contains 142  coherent particles with 19638.4 GeV 
slice 70 contains 118  coherent particles with -5152.56 GeV 
slice 71 contains 78  coherent particles with 4354.42 GeV 
slice 72 contains 48  coherent particles with 4324.98 GeV 
slice 73 contains 36  coherent particles with -1488.09 GeV 
slice 74 contains 22  coherent particles with -38.1796 GeV 
slice 75 contains 24  coherent particles with 4140.33 GeV 
slice 76 contains 10  coherent particles with 718.623 GeV 
slice 77 contains 12  coherent particles with 2763.37 GeV 
slice 78 contains 20  coherent particles with 1178.68 GeV 
slice 80 contains 4  coherent particles with 1386.94 GeV 
slice 81 contains 2  coherent particles with -2725.01 GeV 
slice 82 contains 2  coherent particles with -1200.86 GeV 
 total number of coherent particles is 32058 with -113023 GeV 
 number of tracked macroparticles : 100000
average energy loss of the beam particles (GeV) : de = 1500.87
 ---photon statistics : 
 initial : 
 initial average photon energy (GeV) phot-e1 : 674.512
 initial number of phot. per tracked macropart.1 : 2.29382
 final : 
 final average photon energy (GeV) phot-e1 : 593.523
 final number of phot. per tracked macropart.1 : 2.13353

phot-e1=593.523;n_phot1=2.13353;
de1=1500.87;
                                         
 *********************************************************************** 
 ------------- beam2 ------------ 
             
 ---------- particle beam : 
slice 19 contains 2  coherent particles with -452.23 GeV 
slice 20 contains 4  coherent particles with 1161.79 GeV 
slice 21 contains 4  coherent particles with 1830.97 GeV 
slice 22 contains 4  coherent particles with -1324.8 GeV 
slice 23 contains 4  coherent particles with 3175.21 GeV 
slice 24 contains 10  coherent particles with 770.621 GeV 
slice 25 contains 16  coherent particles with -5427.47 GeV 
slice 26 contains 20  coherent particles with -4008.11 GeV 
slice 27 contains 18  coherent particles with 1318.36 GeV 
slice 28 contains 36  coherent particles with 1101.98 GeV 
slice 29 contains 54  coherent particles with -8374.17 GeV 
slice 30 contains 70  coherent particles with 1730.37 GeV 
slice 31 contains 84  coherent particles with 1904.15 GeV 
slice 32 contains 124  coherent particles with -8967.4 GeV 
slice 33 contains 152  coherent particles with 10190.6 GeV 
slice 34 contains 182  coherent particles with 9446.32 GeV 
slice 35 contains 202  coherent particles with -2691.31 GeV 
slice 36 contains 260  coherent particles with 9541.39 GeV 
slice 37 contains 344  coherent particles with 28348 GeV 
slice 38 contains 390  coherent particles with -7311.19 GeV 
slice 39 contains 472  coherent particles with 2210.68 GeV 
slice 40 contains 560  coherent particles with -1459.43 GeV 
slice 41 contains 672  coherent particles with 14449.4 GeV 
slice 42 contains 748  coherent particles with -5351.36 GeV 
slice 43 contains 868  coherent particles with 27565.6 GeV 
slice 44 contains 1048  coherent particles with 9461.78 GeV 
slice 45 contains 1082  coherent particles with 33630.4 GeV 
slice 46 contains 1300  coherent particles with -52911.6 GeV 
slice 47 contains 1394  coherent particles with 17392.4 GeV 
slice 48 contains 1564  coherent particles with 7953.02 GeV 
slice 49 contains 1504  coherent particles with 24621.4 GeV 
slice 50 contains 1570  coherent particles with 10031.5 GeV 
slice 51 contains 1538  coherent particles with 81903.7 GeV 
slice 52 contains 1518  coherent particles with -7417.12 GeV 
slice 53 contains 1484  coherent particles with 17221.1 GeV 
slice 54 contains 1358  coherent particles with -260.453 GeV 
slice 55 contains 1378  coherent particles with 9564.91 GeV 
slice 56 contains 1322  coherent particles with -32200.5 GeV 
slice 57 contains 1156  coherent particles with 27333.5 GeV 
slice 58 contains 1030  coherent particles with 28356.2 GeV 
slice 59 contains 1010  coherent particles with 47841.3 GeV 
slice 60 contains 900  coherent particles with -26514.2 GeV 
slice 61 contains 708  coherent particles with -19468.8 GeV 
slice 62 contains 718  coherent particles with 6943.83 GeV 
slice 63 contains 550  coherent particles with -12728.6 GeV 
slice 64 contains 456  coherent particles with -29286.8 GeV 
slice 65 contains 428  coherent particles with 16050.1 GeV 
slice 66 contains 324  coherent particles with -3717.01 GeV 
slice 67 contains 230  coherent particles with 16961.1 GeV 
slice 68 contains 194  coherent particles with 641.805 GeV 
slice 69 contains 128  coherent particles with -308.342 GeV 
slice 70 contains 94  coherent particles with -2385.22 GeV 
slice 71 contains 116  coherent particles with -491.085 GeV 
slice 72 contains 72  coherent particles with -4700.66 GeV 
slice 73 contains 30  coherent particles with -7843.64 GeV 
slice 74 contains 28  coherent particles with 505.015 GeV 
slice 75 contains 28  coherent particles with 1105.52 GeV 
slice 76 contains 6  coherent particles with 833.513 GeV 
slice 77 contains 28  coherent particles with -2464.34 GeV 
slice 78 contains 8  coherent particles with 142.155 GeV 
slice 79 contains 2  coherent particles with -116.375 GeV 
slice 86 contains 2  coherent particles with -138.33 GeV 
 total number of coherent particles is 31606 with 224919 GeV 
 number of tracked macroparticles : 100000
average energy loss of the beam particles (GeV) : de = 1491.26
 ---photon statistics : 
 initial : 
 initial average photon energy (GeV) phot-e2 : 675.492
 initial number of phot. per tracked macropart.2 : 2.27293
 final : 
 final average photon energy (GeV) phot-e2 : 596.02
 final number of phot. per tracked macropart.2 : 2.1149

phot-e2=596.02;n_phot2=2.1149;
de2=1491.26;
                                         
 *********************************************************************** 
 ------------- coherent particles results ------------ 
             
coherent.sum=1.18415e+09;
coherent.sumeng=2.06733e+12;
coherent.upsmax=9.11649e-06;
coherent.probmax=0.0525799;
coherent.count=63664;
coherent.total_energy=5.55735e+07;
                                         
 *********************************************************************** 
 ------------- general results ------------ 
             
lumi_fine = 1.14775e+35 m**(-2) (from charge densities) 
lumi_ee = 1.18872e+35 m**(-2) (from beam particles collisions)
lumi_ee_high = 6.52864e+34 1/m2 (per bunch cross. above energy ecm_min)
lumi_pp = 0 m**(-2) 
lumi_eg = 8.95728e+34 m**(-2) (e - gamma) 
lumi_ge = 8.87768e+34 m**(-2) ( gamma - e) 
lumi_gg = 7.61347e+34 m**(-2) (gamma - gamma) 
lumi_gg_high = 7.61347e+34 1/m2 (gamma - gamma, with c.o.m energy more than gg_cut) 
lumi[0][0] = 2.57783e+37
lumi[0][1] = 1.8534e+39
lumi[0][2] = 1.36752e+39
lumi[1][0] = 1.00236e+36
lumi[1][1] = 2.62382e+37
lumi[1][2] = 2.98113e+37
lumi[2][0] = 2.7559e+37
lumi[2][1] = 1.35736e+39
lumi[2][2] = 1.33653e+39
upsmax= 87.5705 (maximal value of the beamstrahlung paramater that occured) 
E_cm = 7253.49 E_cm_var = 3003.8
 ............................................... 
 average and RMS angles (x or y) of the particles of each beam after the interaction (microradians) : 
bpm_vx.1=1.04704;bpm_sig_vx.1=142.801;
bpm_vy.1=-0.123074;bpm_sig_vy.1=31.5952;
bpm_vx.2=1.10117;bpm_sig_vx.2=142.841;
bpm_vy.2=0.21198;bpm_sig_vy.2=28.9748;
 average and RMS angles (x or y) including coherent particles of each beam after the interaction (microradians) : 
bpm_vx_coh.1=5.27835;
bpm_vy_coh.1=1.17751;
bpm_vx_coh.2=5.86359;
bpm_vy_coh.2=1.62356;
 ............................................... 
 minimal photon-photon center of mass energies for hadronic events (GeV) : 
hadron_cut.1=2;hadron_cut.2=5;hadron_cut.3=10;
 nb of hadronic events per bunch crossing due to the virtual photons in ee collisions : 
hadrons_ee.1=0;hadrons_ee.2=0;hadrons_ee.3=0;
 nb of hadronic evts per bx due to e-gamma collisions 
hadrons_eg.1=0;hadrons_eg.2=0;hadrons_eg.3=0;
 .. due to gamma-e collisions : 
hadrons_ge.1=0;hadrons_ge.2=0;hadrons_ge.3=0;
 ... due to gamma-gamma collisions : 
hadrons_gg.1=0;hadrons_gg.2=0;hadrons_gg.3=0;
 ... due to all types of collisions : 
hadrons_sum.1=0;hadrons_sum.2=0;hadrons_sum.3=0;
 ............................................... 

lumi_ee=1.18872e+35;
lumi_ee_high=6.52864e+34;
step   lumi total   lumi peak 
1  0  0
2  0  0
3  0  0
4  0  0
5  0  0
6  0  0
7  0  0
8  0  0
9  0  0
10  0  0
11  0  0
12  0  0
13  0  0
14  0  0
15  0  0
16  0  0
17  0  0
18  0  0
19  0  0
20  0  0
21  0  0
22  0  0
23  0  0
24  0  0
25  0  0
26  0  0
27  0  0
28  0  0
29  0  0
30  0  0
31  0  0
32  0  0
33  0  0
34  0  0
35  0  0
36  0  0
37  0  0
38  0  0
39  0  0
40  0  0
41  0  0
42  0  0
43  0  0
44  0  0
45  0  0
46  0  0
47  0  0
48  7.55927e+29  7.55927e+29
49  0  0
50  7.55927e+29  7.55927e+29
51  0  0
52  0  0
53  2.26778e+30  2.26778e+30
54  0  0
55  7.55927e+29  7.55927e+29
56  7.55927e+29  7.55927e+29
57  1.51185e+30  1.51185e+30
58  2.26778e+30  2.26778e+30
59  2.26778e+30  2.26778e+30
60  4.53556e+30  4.53556e+30
61  7.55927e+30  7.55927e+30
62  1.13389e+31  1.13389e+31
63  7.55927e+30  7.55927e+30
64  1.58745e+31  1.58745e+31
65  1.73863e+31  1.58745e+31
66  1.88982e+31  1.81422e+31
67  2.87252e+31  2.79693e+31
68  4.61115e+31  4.30878e+31
69  4.38437e+31  3.93082e+31
70  6.87893e+31  6.42538e+31
71  8.54197e+31  7.93723e+31
72  1.02806e+32  9.82705e+31
73  1.09609e+32  9.90264e+31
74  1.41358e+32  1.28508e+32
75  1.93517e+32  1.72351e+32
76  2.37361e+32  2.06368e+32
77  2.29802e+32  2.06368e+32
78  3.31852e+32  2.94055e+32
79  3.96861e+32  3.43947e+32
80  4.71698e+32  4.1198e+32
81  5.43511e+32  4.58847e+32
82  6.29687e+32  5.3822e+32
83  7.15862e+32  6.06253e+32
84  8.69316e+32  7.09059e+32
85  9.99335e+32  8.37567e+32
86  1.18303e+33  9.62295e+32
87  1.34177e+33  1.05527e+33
88  1.55116e+33  1.21326e+33
89  1.82783e+33  1.39468e+33
90  2.09996e+33  1.59274e+33
91  2.51724e+33  1.89133e+33
92  2.87403e+33  2.13398e+33
93  3.38957e+33  2.4492e+33
94  3.71614e+33  2.68581e+33
95  3.92931e+33  2.73948e+33
96  4.13567e+33  2.89973e+33
97  4.45694e+33  2.94207e+33
98  4.4388e+33  2.82339e+33
99  4.46375e+33  2.806e+33
100  4.71698e+33  2.74704e+33
101  4.43578e+33  2.4492e+33
102  4.31181e+33  2.35169e+33
103  4.42217e+33  2.23527e+33
104  4.05857e+33  2.03495e+33
105  4.05252e+33  1.8936e+33
106  4.00188e+33  1.84597e+33
107  3.77888e+33  1.65094e+33
108  3.68287e+33  1.61693e+33
109  3.63298e+33  1.55343e+33
110  3.33893e+33  1.3652e+33
111  3.12198e+33  1.29112e+33
112  2.86496e+33  1.06888e+33
113  2.65255e+33  9.60027e+32
114  2.29046e+33  8.15645e+32
115  2.041e+33  7.08303e+32
116  1.87545e+33  6.31955e+32
117  1.67589e+33  5.29149e+32
118  1.53529e+33  4.66407e+32
119  1.27449e+33  3.82499e+32
120  1.18303e+33  3.21269e+32
121  9.89508e+32  2.62307e+32
122  8.17157e+32  2.10148e+32
123  7.34761e+32  1.6706e+32
124  6.11545e+32  1.38335e+32
125  5.11006e+32  1.36067e+32
126  4.14248e+32  8.39079e+31
127  3.40167e+32  7.55927e+31
128  2.57771e+32  5.36708e+31
129  2.30558e+32  5.21589e+31
130  1.82934e+32  3.47726e+31
131  1.30019e+32  2.87252e+31
132  1.17169e+32  1.81422e+31
133  8.76875e+31  1.58745e+31
134  6.95452e+31  1.73863e+31
135  4.00641e+31  6.80334e+30
136  3.55285e+31  6.04741e+30
137  2.64574e+31  5.29149e+30
138  1.96541e+31  7.55927e+29
139  1.36067e+31  2.26778e+30
140  6.80334e+30  7.55927e+29
141  6.04741e+30  7.55927e+29
142  4.53556e+30  0
143  1.51185e+30  7.55927e+29
144  3.77963e+30  7.55927e+29
145  1.51185e+30  0
146  0  0
147  2.26778e+30  1.51185e+30
148  0  0
149  7.55927e+29  7.55927e+29
150  7.55927e+29  0
151  0  0
152  0  0
153  7.55927e+29  0
154  0  0
155  0  0
156  0  0
157  0  0
158  0  0
159  0  0
160  0  0
161  0  0
162  0  0
163  0  0
164  0  0
165  0  0
166  0  0
167  0  0
168  0  0
169  0  0
170  0  0
171  0  0
172  0  0
173  0  0
174  0  0
175  0  0
176  0  0
177  0  0
178  0  0
179  0  0
180  0  0
181  0  0
182  0  0
183  0  0
184  0  0
185  0  0
186  0  0
187  0  0
188  0  0
189  0  0
190  0  0
191  0  0
192  0  0
193  0  0
194  0  0
195  0  0
196  0  0
197  0  0
198  0  0
199  0  0
                                         
 *********************************************************************** 
 ------------- other information  ------------ 
             
