****************************************************** 
* guineapig++ Version 1.2.2
* Program written by Daniel Schulte at DESY and CERN 
* object oriented by Guy Le Meur at LAL-Orsay 
* contributions from C. Rimbault at LAL-Orsay 
* B. Dalena, J. Esberg and J. Snuverink at CERN
*
* Compiled with FFTW:  FFTW3 
**************************************************** 

                                         
 *********************************************************************** 
 -------------  beam parameter 1 ------------ 
             
 energy : 5000 GeV ; particles : 3.72e+09
  sigma_x  : 23.0547 nm ;  sigma_y : 0.606564 nm ; sigma_z : 44 micrometers 
 emitt_x : 0.66 emitt_y : 0.02  (mm.mrad) 
 beta_x : 7880 beta_y : 180 (micrometers) 
 offset_x : 0 nm ; offset_y : 0 nm ; offset_z : 0 micrometers 
 waist_x : 0 waist_y : 0 (micrometers) 
 angle_x : 0 angle_y : 0 angle_phi : 0 (radians) 
 type of distribution charge :  dist_x : 0 dist_z : 0
 initial polarization (ONLY FOR bmt_precession = 1 and internally generated beam) : polar_x = 0 polar_y = 0 polar_z = 1
                                         
 *********************************************************************** 
 -------------  beam parameter 2 ------------ 
             
 energy : 5000 GeV ; particles : 3.72e+09
  sigma_x  : 23.0547 nm ;  sigma_y : 0.606564 nm ; sigma_z : 44 micrometers 
 emitt_x : 0.66 emitt_y : 0.02  (mm.mrad) 
 beta_x : 7880 beta_y : 180 (micrometers) 
 offset_x : 0 nm ; offset_y : 0 nm ; offset_z : -0 micrometers 
 waist_x : 0 waist_y : 0 (micrometers) 
 angle_x : 0 angle_y : 0 angle_phi : 0 (radians) 
 type of distribution charge :  dist_x : 0 dist_z : 0
 initial polarization (ONLY FOR bmt_precession = 1 and internally generated beam) : polar_x = 0 polar_y = 0 polar_z = 1
                                         
 *********************************************************************** 
 ------------- SWITCHES :  ------------ 
             
charge_sign = -1
bmt_precession = 0
ST_spin_flip = 0
do_bds_spin_rotation = 0
automatic_grid_sizing = 0
integration_method = 2 force_symmetric = 0
rndm_load = 1rndm_save = 1 rndm_seed = 1
do_photons.1 = 1 do_photons.2 = 1
write_photons = 0
do_comp = 0 do_prod = 0
electron_ratio = 0.2
compt_x_min = 1 compt_emax = 100 GeV ; compt_scale = 1
do_lumi = 1num_lumi = 100000 lumi_p = 1e-29
do_cross = 0 do_isr = 0 do_espread = 0
photon_ratio = 0.2
do_hadrons = 0 store_hadrons = 0 hadron_ratio = 100000
do_jets = 0 store_jets = 0
do_pairs = 0 load_events = 0
track_pairs = 0 pair_step = 1
store_pairs = 0
bhabha_scal = 1e-29 bhabha_ecmload = 500 GeV 
do_muons = 0 track_muons = 0 store_muons = 0
muon_ratio = 1 muon_scale = 1 muon_ecut = 0.105
do_coherent = 1
do_trident = 0
emin = 0
grids = 1
pair_ecut = 0.005 GeV 
pair_ratio = 1
bhabha_ratio = 1
pair_q2 = 2
beam_pair = 0
jet_ratio = 100000
jet_ptmin = 2
jet_pythia = 0
jet_log = 1
beam_size = 1 beam_size_scale = 1 ext_field = 0
espread.1 = 0.003 which_espread.1 = 1 espread.2 = 0.003 which_espread.2 = 1
f_rep = 50 n_b = 312
do_edm4hep = 0
                                         
 *********************************************************************** 
 ------------- grid parameters ------------ 
             
n_x = 110 n_y = 100
n_z = 50 n_t = 1
n_m.1 = 100000 n_m.2 = 100000
cut_x = 69.1642 nm ; cut_y = 1.81969 nm ; cut_z = 132 micrometers 

 ...................................................... 
 relative amount of interacting particles that were outside the grid during one time step : 
beam 1 : miss = 0.402217  beam 2 : miss = 0.455285
 number of interacting part. that were outside the grid during one time step : 
out.1=25335;out.2=25507;
                                         
 *********************************************************************** 
 ------------- beam1 ------------ 
             
 ---------- particle beam : 
slice 0 contains 12  coherent particles with -563.453 GeV 
slice 1 contains 2  coherent particles with 1519.83 GeV 
slice 2 contains 26  coherent particles with -4036.96 GeV 
slice 3 contains 54  coherent particles with -5072.72 GeV 
slice 4 contains 60  coherent particles with -2016.26 GeV 
slice 5 contains 84  coherent particles with 2108.07 GeV 
slice 6 contains 114  coherent particles with -7533.51 GeV 
slice 7 contains 158  coherent particles with -22083.9 GeV 
slice 8 contains 162  coherent particles with -2822.02 GeV 
slice 9 contains 230  coherent particles with 14761.5 GeV 
slice 10 contains 270  coherent particles with 4432.46 GeV 
slice 11 contains 376  coherent particles with 20273.6 GeV 
slice 12 contains 468  coherent particles with -6988.19 GeV 
slice 13 contains 552  coherent particles with 6177.7 GeV 
slice 14 contains 678  coherent particles with 770.197 GeV 
slice 15 contains 798  coherent particles with 18004.6 GeV 
slice 16 contains 924  coherent particles with -14931.4 GeV 
slice 17 contains 1190  coherent particles with -41711.3 GeV 
slice 18 contains 1310  coherent particles with 22811.3 GeV 
slice 19 contains 1470  coherent particles with -50166.1 GeV 
slice 20 contains 1896  coherent particles with -68827.8 GeV 
slice 21 contains 1890  coherent particles with -16779.2 GeV 
slice 22 contains 2156  coherent particles with 15031.8 GeV 
slice 23 contains 2172  coherent particles with 21288.6 GeV 
slice 24 contains 2234  coherent particles with -4766.64 GeV 
slice 25 contains 2304  coherent particles with -9668.75 GeV 
slice 26 contains 2410  coherent particles with -10763.6 GeV 
slice 27 contains 2188  coherent particles with -110893 GeV 
slice 28 contains 2172  coherent particles with -21304.7 GeV 
slice 29 contains 2214  coherent particles with -57070.7 GeV 
slice 30 contains 2076  coherent particles with -31324.3 GeV 
slice 31 contains 2044  coherent particles with -92126.6 GeV 
slice 32 contains 1896  coherent particles with 11124.6 GeV 
slice 33 contains 1868  coherent particles with -17975.6 GeV 
slice 34 contains 1638  coherent particles with -5728.25 GeV 
slice 35 contains 1650  coherent particles with -63829.4 GeV 
slice 36 contains 1390  coherent particles with 5116.69 GeV 
slice 37 contains 1252  coherent particles with -35624.5 GeV 
slice 38 contains 1122  coherent particles with -13941.7 GeV 
slice 39 contains 894  coherent particles with -7655.79 GeV 
slice 40 contains 700  coherent particles with 2607.55 GeV 
slice 41 contains 606  coherent particles with 7625.37 GeV 
slice 42 contains 424  coherent particles with -18118.9 GeV 
slice 43 contains 436  coherent particles with -5868.11 GeV 
slice 44 contains 282  coherent particles with -25602.7 GeV 
slice 45 contains 190  coherent particles with -24696.5 GeV 
slice 46 contains 166  coherent particles with -9015.64 GeV 
slice 47 contains 92  coherent particles with -5685.28 GeV 
slice 48 contains 78  coherent particles with 1247.59 GeV 
slice 49 contains 50  coherent particles with 1096.05 GeV 
 total number of coherent particles is 49428 with -659196 GeV 
 number of tracked macroparticles : 99733
average energy loss of the beam particles (GeV) : de = 1676
 ---photon statistics : 
 initial : 
 initial average photon energy (GeV) phot-e1 : 614.306
 initial number of phot. per tracked macropart.1 : 2.84782
 final : 
 final average photon energy (GeV) phot-e1 : 519.555
 final number of phot. per tracked macropart.1 : 2.60002

phot-e1=519.555;n_phot1=2.60002;
de1=1676;
                                         
 *********************************************************************** 
 ------------- beam2 ------------ 
             
 ---------- particle beam : 
slice 0 contains 14  coherent particles with -5555 GeV 
slice 1 contains 42  coherent particles with -4754.18 GeV 
slice 2 contains 20  coherent particles with -3503.78 GeV 
slice 3 contains 42  coherent particles with 1103.12 GeV 
slice 4 contains 52  coherent particles with -13538.4 GeV 
slice 5 contains 98  coherent particles with -5419.07 GeV 
slice 6 contains 108  coherent particles with 2478.36 GeV 
slice 7 contains 114  coherent particles with -8270.47 GeV 
slice 8 contains 212  coherent particles with -687.694 GeV 
slice 9 contains 240  coherent particles with -7853.7 GeV 
slice 10 contains 316  coherent particles with -33346.7 GeV 
slice 11 contains 320  coherent particles with 13567.1 GeV 
slice 12 contains 398  coherent particles with 30025.8 GeV 
slice 13 contains 496  coherent particles with -15969.7 GeV 
slice 14 contains 616  coherent particles with -5243.78 GeV 
slice 15 contains 750  coherent particles with -38802.3 GeV 
slice 16 contains 992  coherent particles with -13588.8 GeV 
slice 17 contains 1184  coherent particles with 1834.98 GeV 
slice 18 contains 1372  coherent particles with -65992.8 GeV 
slice 19 contains 1570  coherent particles with -24745 GeV 
slice 20 contains 1854  coherent particles with -23636.9 GeV 
slice 21 contains 1928  coherent particles with 3655.74 GeV 
slice 22 contains 2022  coherent particles with 33442.2 GeV 
slice 23 contains 2202  coherent particles with 40437.1 GeV 
slice 24 contains 2240  coherent particles with -11430.9 GeV 
slice 25 contains 2378  coherent particles with -95703.5 GeV 
slice 26 contains 2228  coherent particles with -62956.9 GeV 
slice 27 contains 2334  coherent particles with -61764.3 GeV 
slice 28 contains 2198  coherent particles with -12980.6 GeV 
slice 29 contains 2282  coherent particles with 22689 GeV 
slice 30 contains 1976  coherent particles with -41889.4 GeV 
slice 31 contains 2010  coherent particles with -18466.5 GeV 
slice 32 contains 2004  coherent particles with -47516.2 GeV 
slice 33 contains 1932  coherent particles with -18603.8 GeV 
slice 34 contains 1644  coherent particles with -50704.1 GeV 
slice 35 contains 1518  coherent particles with -23277.2 GeV 
slice 36 contains 1292  coherent particles with -23981.1 GeV 
slice 37 contains 1198  coherent particles with -112491 GeV 
slice 38 contains 1158  coherent particles with -33973.7 GeV 
slice 39 contains 792  coherent particles with 5861.64 GeV 
slice 40 contains 748  coherent particles with -24790.9 GeV 
slice 41 contains 550  coherent particles with -704.49 GeV 
slice 42 contains 508  coherent particles with 5256.67 GeV 
slice 43 contains 372  coherent particles with -653.008 GeV 
slice 44 contains 288  coherent particles with -15945.4 GeV 
slice 45 contains 224  coherent particles with -18847.7 GeV 
slice 46 contains 190  coherent particles with -2703.69 GeV 
slice 47 contains 84  coherent particles with -506.152 GeV 
slice 48 contains 74  coherent particles with -2888.06 GeV 
slice 49 contains 60  coherent particles with -7930.72 GeV 
 total number of coherent particles is 49244 with -801266 GeV 
 number of tracked macroparticles : 99733
average energy loss of the beam particles (GeV) : de = 1675.86
 ---photon statistics : 
 initial : 
 initial average photon energy (GeV) phot-e2 : 612.804
 initial number of phot. per tracked macropart.2 : 2.85541
 final : 
 final average photon energy (GeV) phot-e2 : 518.796
 final number of phot. per tracked macropart.2 : 2.60853

phot-e2=518.796;n_phot2=2.60853;
de2=1675.86;
                                         
 *********************************************************************** 
 ------------- coherent particles results ------------ 
             
coherent.sum=1.8353e+09;
coherent.sumeng=2.94985e+12;
coherent.upsmax=1.3746e-05;
coherent.probmax=0.0792941;
coherent.count=98672;
coherent.total_energy=7.9297e+07;
                                         
 *********************************************************************** 
 ------------- general results ------------ 
             
lumi_fine = 2.00871e+35 m**(-2) (from charge densities) 
lumi_ee = 2.09309e+35 m**(-2) (from beam particles collisions)
lumi_ee_high = 1.00113e+35 1/m2 (per bunch cross. above energy ecm_min)
lumi_pp = 0 m**(-2) 
lumi_eg = 1.7335e+35 m**(-2) (e - gamma) 
lumi_ge = 1.72899e+35 m**(-2) ( gamma - e) 
lumi_gg = 1.62481e+35 m**(-2) (gamma - gamma) 
lumi_gg_high = 1.62481e+35 1/m2 (gamma - gamma, with c.o.m energy more than gg_cut) 
lumi[0][0] = 5.58491e+37
lumi[0][1] = 3.26264e+39
lumi[0][2] = 2.63557e+39
lumi[1][0] = 2.58255e+36
lumi[1][1] = 5.50826e+37
lumi[1][2] = 6.8691e+37
lumi[2][0] = 6.97524e+37
lumi[2][1] = 2.62747e+39
lumi[2][2] = 2.95159e+39
upsmax= 128.665 (maximal value of the beamstrahlung paramater that occured) 
E_cm = 6684.96 E_cm_var = 3219.78
 ............................................... 
 average and RMS angles (x or y) of the particles of each beam after the interaction (microradians) : 
bpm_vx.1=0.975994;bpm_sig_vx.1=187.282;
bpm_vy.1=-0.625357;bpm_sig_vy.1=62.0815;
bpm_vx.2=-0.363823;bpm_sig_vx.2=184.732;
bpm_vy.2=-0.239773;bpm_sig_vy.2=58.8902;
 average and RMS angles (x or y) including coherent particles of each beam after the interaction (microradians) : 
bpm_vx_coh.1=-0.277813;
bpm_vy_coh.1=-6.69803;
bpm_vx_coh.2=-2.33812;
bpm_vy_coh.2=-4.99051;
 ............................................... 
 minimal photon-photon center of mass energies for hadronic events (GeV) : 
hadron_cut.1=2;hadron_cut.2=5;hadron_cut.3=10;
 nb of hadronic events per bunch crossing due to the virtual photons in ee collisions : 
hadrons_ee.1=0;hadrons_ee.2=0;hadrons_ee.3=0;
 nb of hadronic evts per bx due to e-gamma collisions 
hadrons_eg.1=0;hadrons_eg.2=0;hadrons_eg.3=0;
 .. due to gamma-e collisions : 
hadrons_ge.1=0;hadrons_ge.2=0;hadrons_ge.3=0;
 ... due to gamma-gamma collisions : 
hadrons_gg.1=0;hadrons_gg.2=0;hadrons_gg.3=0;
 ... due to all types of collisions : 
hadrons_sum.1=0;hadrons_sum.2=0;hadrons_sum.3=0;
 ............................................... 

lumi_ee=2.09309e+35;
lumi_ee_high=1.00113e+35;
step   lumi total   lumi peak 
1  0  0
2  0  0
3  0  0
4  0  0
5  7.55927e+29  7.55927e+29
6  2.26778e+30  2.26778e+30
7  1.51185e+30  1.51185e+30
8  3.77963e+30  3.77963e+30
9  2.26778e+30  2.26778e+30
10  6.80334e+30  6.80334e+30
11  6.04741e+30  5.29149e+30
12  1.58745e+31  1.58745e+31
13  1.13389e+31  1.0583e+31
14  1.96541e+31  1.96541e+31
15  2.26778e+31  2.11659e+31
16  4.23319e+31  4.1576e+31
17  5.21589e+31  4.98912e+31
18  5.1403e+31  4.91352e+31
19  6.95452e+31  6.57656e+31
20  1.04318e+32  9.90264e+31
21  1.20948e+32  1.12633e+32
22  1.62524e+32  1.50429e+32
23  2.15439e+32  1.98809e+32
24  2.39629e+32  2.23754e+32
25  3.1371e+32  2.73645e+32
26  3.97617e+32  3.44703e+32
27  4.66407e+32  4.082e+32
28  5.36708e+32  4.65651e+32
29  6.80334e+32  5.96426e+32
30  8.02038e+32  6.66727e+32
31  1.00689e+33  8.36811e+32
32  1.17017e+33  9.80437e+32
33  1.38788e+33  1.13691e+33
34  1.75904e+33  1.38561e+33
35  2.13096e+33  1.70386e+33
36  2.6276e+33  2.08485e+33
37  3.06604e+33  2.36227e+33
38  3.89907e+33  2.98213e+33
39  4.26494e+33  3.26636e+33
40  4.52422e+33  3.2966e+33
41  5.30509e+33  3.82045e+33
42  5.40865e+33  3.67607e+33
43  5.82744e+33  3.7562e+33
44  5.82744e+33  3.65491e+33
45  6.24698e+33  3.75922e+33
46  6.63174e+33  3.89453e+33
47  6.72321e+33  3.87715e+33
48  7.32946e+33  4.09485e+33
49  7.48594e+33  4.03514e+33
50  7.4746e+33  3.79626e+33
51  7.55927e+33  3.66095e+33
52  7.75656e+33  3.6156e+33
53  7.39977e+33  3.26334e+33
54  7.11856e+33  2.99045e+33
55  7.21608e+33  3.00481e+33
56  6.66349e+33  2.65935e+33
57  6.47678e+33  2.34866e+33
58  6.25907e+33  2.168e+33
59  5.835e+33  1.95936e+33
60  5.6566e+33  1.77643e+33
61  5.27788e+33  1.55645e+33
62  4.95812e+33  1.50429e+33
63  4.52724e+33  1.2314e+33
64  4.13341e+33  1.0772e+33
65  3.86808e+33  9.95555e+32
66  3.35707e+33  7.40808e+32
67  3.0993e+33  6.45561e+32
68  2.78483e+33  5.63921e+32
69  2.41443e+33  4.61115e+32
70  2.07577e+33  3.3412e+32
71  1.81498e+33  3.24293e+32
72  1.53755e+33  2.21486e+32
73  1.29339e+33  1.79155e+32
74  1.06359e+33  1.0583e+32
75  1.00992e+33  1.30019e+32
76  7.48367e+32  8.84434e+31
77  6.09277e+32  7.03012e+31
78  5.18566e+32  4.98912e+31
79  4.63383e+32  4.45997e+31
80  3.35631e+32  2.41897e+31
81  2.6911e+32  1.88982e+31
82  2.10148e+32  1.73863e+31
83  1.35311e+32  8.31519e+30
84  1.23216e+32  1.0583e+31
85  7.93723e+31  7.55927e+30
86  6.34978e+31  3.02371e+30
87  4.91352e+31  4.53556e+30
88  3.0993e+31  7.55927e+29
89  2.26778e+31  2.26778e+30
90  1.36067e+31  2.26778e+30
91  1.81422e+31  2.26778e+30
92  6.80334e+30  1.51185e+30
93  7.55927e+30  0
94  1.51185e+30  0
95  0  0
96  0  0
97  7.55927e+29  7.55927e+29
98  0  0
99  0  0
                                         
 *********************************************************************** 
 ------------- other information  ------------ 
             
