****************************************************** 
* guineapig++ Version 1.2.2
* Program written by Daniel Schulte at DESY and CERN 
* object oriented by Guy Le Meur at LAL-Orsay 
* contributions from C. Rimbault at LAL-Orsay 
* B. Dalena, J. Esberg and J. Snuverink at CERN
*
* Compiled with FFTW:  FFTW3 
**************************************************** 

                                         
 *********************************************************************** 
 -------------  beam parameter 1 ------------ 
             
 energy : 5000 GeV ; particles : 3.72e+09
  sigma_x  : 23.0547 nm ;  sigma_y : 0.606564 nm ; sigma_z : 44 micrometers 
 emitt_x : 0.66 emitt_y : 0.02  (mm.mrad) 
 beta_x : 7880 beta_y : 180 (micrometers) 
 offset_x : 0 nm ; offset_y : 0 nm ; offset_z : 0 micrometers 
 waist_x : 0 waist_y : 0 (micrometers) 
 angle_x : 0 angle_y : 0 angle_phi : 0 (radians) 
 type of distribution charge :  dist_x : 0 dist_z : 0
 initial polarization (ONLY FOR bmt_precession = 1 and internally generated beam) : polar_x = 0 polar_y = 0 polar_z = 1
                                         
 *********************************************************************** 
 -------------  beam parameter 2 ------------ 
             
 energy : 5000 GeV ; particles : 3.72e+09
  sigma_x  : 23.0547 nm ;  sigma_y : 0.606564 nm ; sigma_z : 44 micrometers 
 emitt_x : 0.66 emitt_y : 0.02  (mm.mrad) 
 beta_x : 7880 beta_y : 180 (micrometers) 
 offset_x : 0 nm ; offset_y : 0 nm ; offset_z : -0 micrometers 
 waist_x : 0 waist_y : 0 (micrometers) 
 angle_x : 0 angle_y : 0 angle_phi : 0 (radians) 
 type of distribution charge :  dist_x : 0 dist_z : 0
 initial polarization (ONLY FOR bmt_precession = 1 and internally generated beam) : polar_x = 0 polar_y = 0 polar_z = 1
                                         
 *********************************************************************** 
 ------------- SWITCHES :  ------------ 
             
charge_sign = -1
bmt_precession = 0
ST_spin_flip = 0
do_bds_spin_rotation = 0
automatic_grid_sizing = 0
integration_method = 2 force_symmetric = 0
rndm_load = 1rndm_save = 1 rndm_seed = 1
do_photons.1 = 1 do_photons.2 = 1
write_photons = 0
do_comp = 0 do_prod = 0
electron_ratio = 0.2
compt_x_min = 1 compt_emax = 100 GeV ; compt_scale = 1
do_lumi = 1num_lumi = 100000 lumi_p = 1e-29
do_cross = 0 do_isr = 0 do_espread = 0
photon_ratio = 0.2
do_hadrons = 0 store_hadrons = 0 hadron_ratio = 100000
do_jets = 0 store_jets = 0
do_pairs = 0 load_events = 0
track_pairs = 0 pair_step = 1
store_pairs = 0
bhabha_scal = 1e-29 bhabha_ecmload = 500 GeV 
do_muons = 0 track_muons = 0 store_muons = 0
muon_ratio = 1 muon_scale = 1 muon_ecut = 0.105
do_coherent = 1
do_trident = 0
emin = 0
grids = 1
pair_ecut = 0.005 GeV 
pair_ratio = 1
bhabha_ratio = 1
pair_q2 = 2
beam_pair = 0
jet_ratio = 100000
jet_ptmin = 2
jet_pythia = 0
jet_log = 1
beam_size = 1 beam_size_scale = 1 ext_field = 0
espread.1 = 0.003 which_espread.1 = 1 espread.2 = 0.003 which_espread.2 = 1
f_rep = 50 n_b = 312
do_edm4hep = 0
                                         
 *********************************************************************** 
 ------------- grid parameters ------------ 
             
n_x = 110 n_y = 100
n_z = 50 n_t = 1
n_m.1 = 100000 n_m.2 = 100000
cut_x = 69.1642 nm ; cut_y = 1.81969 nm ; cut_z = 132 micrometers 

 ...................................................... 
 relative amount of interacting particles that were outside the grid during one time step : 
beam 1 : miss = 0.277778  beam 2 : miss = 0.272727
 number of interacting part. that were outside the grid during one time step : 
out.1=21934;out.2=21886;
                                         
 *********************************************************************** 
 ------------- beam1 ------------ 
             
 ---------- particle beam : 
slice 0 contains 20  coherent particles with -3418.94 GeV 
slice 1 contains 32  coherent particles with -1521.11 GeV 
slice 2 contains 12  coherent particles with -3413.07 GeV 
slice 3 contains 38  coherent particles with 5389.11 GeV 
slice 4 contains 36  coherent particles with -9572.59 GeV 
slice 5 contains 54  coherent particles with 8343.55 GeV 
slice 6 contains 92  coherent particles with 1773.89 GeV 
slice 7 contains 132  coherent particles with -20591.2 GeV 
slice 8 contains 146  coherent particles with 25542.1 GeV 
slice 9 contains 186  coherent particles with 8449.34 GeV 
slice 10 contains 206  coherent particles with 8448.99 GeV 
slice 11 contains 326  coherent particles with -18266.8 GeV 
slice 12 contains 336  coherent particles with -17874.2 GeV 
slice 13 contains 480  coherent particles with 12862.6 GeV 
slice 14 contains 458  coherent particles with 8857.41 GeV 
slice 15 contains 586  coherent particles with 12998.6 GeV 
slice 16 contains 736  coherent particles with -60371.4 GeV 
slice 17 contains 876  coherent particles with 7974.31 GeV 
slice 18 contains 926  coherent particles with -7353.59 GeV 
slice 19 contains 1120  coherent particles with -52897.6 GeV 
slice 20 contains 1194  coherent particles with -26038.8 GeV 
slice 21 contains 1552  coherent particles with -20129.9 GeV 
slice 22 contains 1788  coherent particles with 91752.6 GeV 
slice 23 contains 1704  coherent particles with -74389.8 GeV 
slice 24 contains 1900  coherent particles with -78501 GeV 
slice 25 contains 1992  coherent particles with -19681.5 GeV 
slice 26 contains 2130  coherent particles with -90844.3 GeV 
slice 27 contains 1940  coherent particles with 3944.05 GeV 
slice 28 contains 1990  coherent particles with -42328.6 GeV 
slice 29 contains 1826  coherent particles with -55944.8 GeV 
slice 30 contains 1692  coherent particles with 4837.72 GeV 
slice 31 contains 1516  coherent particles with -37813.8 GeV 
slice 32 contains 1372  coherent particles with -20335.6 GeV 
slice 33 contains 1396  coherent particles with -21368.7 GeV 
slice 34 contains 1208  coherent particles with -47604.5 GeV 
slice 35 contains 1002  coherent particles with -23210.7 GeV 
slice 36 contains 1012  coherent particles with 1142.57 GeV 
slice 37 contains 786  coherent particles with 11008.4 GeV 
slice 38 contains 784  coherent particles with -21399.9 GeV 
slice 39 contains 512  coherent particles with -7048 GeV 
slice 40 contains 414  coherent particles with -8805.5 GeV 
slice 41 contains 362  coherent particles with -9222.97 GeV 
slice 42 contains 302  coherent particles with -3486.27 GeV 
slice 43 contains 206  coherent particles with -483.68 GeV 
slice 44 contains 152  coherent particles with 7205.65 GeV 
slice 45 contains 114  coherent particles with -3105.26 GeV 
slice 46 contains 92  coherent particles with -10629.9 GeV 
slice 47 contains 60  coherent particles with 2813.85 GeV 
slice 48 contains 70  coherent particles with 4043.8 GeV 
slice 49 contains 30  coherent particles with -4097.11 GeV 
 total number of coherent particles is 37896 with -594363 GeV 
 number of tracked macroparticles : 100000
average energy loss of the beam particles (GeV) : de = 1535.88
 ---photon statistics : 
 initial : 
 initial average photon energy (GeV) phot-e1 : 660.655
 initial number of phot. per tracked macropart.1 : 2.40645
 final : 
 final average photon energy (GeV) phot-e1 : 571.671
 final number of phot. per tracked macropart.1 : 2.21697

phot-e1=571.671;n_phot1=2.21697;
de1=1535.88;
                                         
 *********************************************************************** 
 ------------- beam2 ------------ 
             
 ---------- particle beam : 
slice 0 contains 14  coherent particles with 2784.56 GeV 
slice 1 contains 28  coherent particles with -6333.78 GeV 
slice 2 contains 8  coherent particles with 3281.65 GeV 
slice 3 contains 34  coherent particles with 3536.5 GeV 
slice 4 contains 46  coherent particles with -3356.54 GeV 
slice 5 contains 64  coherent particles with -2664.82 GeV 
slice 6 contains 90  coherent particles with 314.987 GeV 
slice 7 contains 92  coherent particles with 3345.28 GeV 
slice 8 contains 144  coherent particles with -15667 GeV 
slice 9 contains 194  coherent particles with 3789.08 GeV 
slice 10 contains 210  coherent particles with -6719.29 GeV 
slice 11 contains 294  coherent particles with -35111 GeV 
slice 12 contains 388  coherent particles with -11590 GeV 
slice 13 contains 418  coherent particles with 16984.7 GeV 
slice 14 contains 492  coherent particles with 15918.3 GeV 
slice 15 contains 592  coherent particles with -12333.3 GeV 
slice 16 contains 692  coherent particles with -53029.5 GeV 
slice 17 contains 918  coherent particles with -16016 GeV 
slice 18 contains 956  coherent particles with 17961.2 GeV 
slice 19 contains 1204  coherent particles with -14954.6 GeV 
slice 20 contains 1264  coherent particles with 35122.3 GeV 
slice 21 contains 1506  coherent particles with 29707.9 GeV 
slice 22 contains 1872  coherent particles with -42559.3 GeV 
slice 23 contains 1632  coherent particles with -26140.2 GeV 
slice 24 contains 2014  coherent particles with -33799.3 GeV 
slice 25 contains 2008  coherent particles with 12660.9 GeV 
slice 26 contains 1934  coherent particles with -60279.5 GeV 
slice 27 contains 1814  coherent particles with 24986.2 GeV 
slice 28 contains 1846  coherent particles with 10215.5 GeV 
slice 29 contains 1728  coherent particles with -63660.1 GeV 
slice 30 contains 1568  coherent particles with 29132.9 GeV 
slice 31 contains 1678  coherent particles with -31873.7 GeV 
slice 32 contains 1402  coherent particles with 38996 GeV 
slice 33 contains 1370  coherent particles with -29480.3 GeV 
slice 34 contains 1212  coherent particles with -23489.5 GeV 
slice 35 contains 1062  coherent particles with -83110.9 GeV 
slice 36 contains 928  coherent particles with -2683.05 GeV 
slice 37 contains 838  coherent particles with -18891.5 GeV 
slice 38 contains 748  coherent particles with -39277.4 GeV 
slice 39 contains 544  coherent particles with -27835.7 GeV 
slice 40 contains 452  coherent particles with -30363.9 GeV 
slice 41 contains 372  coherent particles with 28008.6 GeV 
slice 42 contains 314  coherent particles with -12679.8 GeV 
slice 43 contains 222  coherent particles with -13090.4 GeV 
slice 44 contains 128  coherent particles with -16772.7 GeV 
slice 45 contains 118  coherent particles with -2548.77 GeV 
slice 46 contains 124  coherent particles with 1578.72 GeV 
slice 47 contains 66  coherent particles with -3656.55 GeV 
slice 48 contains 68  coherent particles with -4198.93 GeV 
slice 49 contains 44  coherent particles with -10773.9 GeV 
 total number of coherent particles is 37754 with -476616 GeV 
 number of tracked macroparticles : 100000
average energy loss of the beam particles (GeV) : de = 1533.49
 ---photon statistics : 
 initial : 
 initial average photon energy (GeV) phot-e2 : 658.743
 initial number of phot. per tracked macropart.2 : 2.40892
 final : 
 final average photon energy (GeV) phot-e2 : 571.012
 final number of phot. per tracked macropart.2 : 2.22015

phot-e2=571.012;n_phot2=2.22015;
de2=1533.49;
                                         
 *********************************************************************** 
 ------------- coherent particles results ------------ 
             
coherent.sum=1.40709e+09;
coherent.sumeng=2.38669e+12;
coherent.upsmax=1.18304e-05;
coherent.probmax=0.0702803;
coherent.count=75650;
coherent.total_energy=6.41585e+07;
                                         
 *********************************************************************** 
 ------------- general results ------------ 
             
lumi_fine = 1.17128e+35 m**(-2) (from charge densities) 
lumi_ee = 1.23296e+35 m**(-2) (from beam particles collisions)
lumi_ee_high = 6.12142e+34 1/m2 (per bunch cross. above energy ecm_min)
lumi_pp = 0 m**(-2) 
lumi_eg = 1.05084e+35 m**(-2) (e - gamma) 
lumi_ge = 1.03579e+35 m**(-2) ( gamma - e) 
lumi_gg = 9.6971e+34 m**(-2) (gamma - gamma) 
lumi_gg_high = 9.6971e+34 1/m2 (gamma - gamma, with c.o.m energy more than gg_cut) 
lumi[0][0] = 3.75118e+37
lumi[0][1] = 1.92179e+39
lumi[0][2] = 1.59564e+39
lumi[1][0] = 1.62736e+36
lumi[1][1] = 3.72877e+37
lumi[1][2] = 4.36793e+37
lumi[2][0] = 4.14741e+37
lumi[2][1] = 1.57435e+39
lumi[2][2] = 1.74433e+39
upsmax= 110.365 (maximal value of the beamstrahlung paramater that occured) 
E_cm = 6830.64 E_cm_var = 3175.14
 ............................................... 
 average and RMS angles (x or y) of the particles of each beam after the interaction (microradians) : 
bpm_vx.1=-0.0396339;bpm_sig_vx.1=158.957;
bpm_vy.1=-0.0406259;bpm_sig_vy.1=33.022;
bpm_vx.2=-0.0730985;bpm_sig_vx.2=162.313;
bpm_vy.2=-0.0483543;bpm_sig_vy.2=39.466;
 average and RMS angles (x or y) including coherent particles of each beam after the interaction (microradians) : 
bpm_vx_coh.1=2.37099;
bpm_vy_coh.1=-0.533659;
bpm_vx_coh.2=1.17497;
bpm_vy_coh.2=0.389168;
 ............................................... 
 minimal photon-photon center of mass energies for hadronic events (GeV) : 
hadron_cut.1=2;hadron_cut.2=5;hadron_cut.3=10;
 nb of hadronic events per bunch crossing due to the virtual photons in ee collisions : 
hadrons_ee.1=0;hadrons_ee.2=0;hadrons_ee.3=0;
 nb of hadronic evts per bx due to e-gamma collisions 
hadrons_eg.1=0;hadrons_eg.2=0;hadrons_eg.3=0;
 .. due to gamma-e collisions : 
hadrons_ge.1=0;hadrons_ge.2=0;hadrons_ge.3=0;
 ... due to gamma-gamma collisions : 
hadrons_gg.1=0;hadrons_gg.2=0;hadrons_gg.3=0;
 ... due to all types of collisions : 
hadrons_sum.1=0;hadrons_sum.2=0;hadrons_sum.3=0;
 ............................................... 

lumi_ee=1.23296e+35;
lumi_ee_high=6.12142e+34;
step   lumi total   lumi peak 
1  1.51185e+30  1.51185e+30
2  0  0
3  3.77963e+30  3.77963e+30
4  0  0
5  1.51185e+30  1.51185e+30
6  3.02371e+30  3.02371e+30
7  7.55927e+30  7.55927e+30
8  7.55927e+29  7.55927e+29
9  8.31519e+30  8.31519e+30
10  4.53556e+30  4.53556e+30
11  1.28508e+31  1.28508e+31
12  2.26778e+30  2.26778e+30
13  2.79693e+31  2.64574e+31
14  9.82705e+30  9.07112e+30
15  3.77963e+31  3.55285e+31
16  1.73863e+31  1.58745e+31
17  4.91352e+31  4.61115e+31
18  3.70404e+31  3.70404e+31
19  6.72775e+31  6.1986e+31
20  6.12301e+31  5.97182e+31
21  9.37349e+31  9.2223e+31
22  9.82705e+31  9.2979e+31
23  1.58745e+32  1.4665e+32
24  1.45138e+32  1.33043e+32
25  2.25266e+32  2.12415e+32
26  2.09392e+32  1.85958e+32
27  3.47726e+32  3.12198e+32
28  3.31852e+32  2.90276e+32
29  4.65651e+32  4.05933e+32
30  4.46753e+32  3.90058e+32
31  5.46535e+32  4.64895e+32
32  6.09277e+32  5.1403e+32
33  7.87675e+32  6.52365e+32
34  8.57977e+32  7.06035e+32
35  1.08324e+33  8.93505e+32
36  1.084e+33  8.51929e+32
37  1.39393e+33  1.09987e+33
38  1.57989e+33  1.18529e+33
39  1.73334e+33  1.30322e+33
40  2.00245e+33  1.43626e+33
41  2.30406e+33  1.69252e+33
42  2.5384e+33  1.75677e+33
43  3.01388e+33  2.0274e+33
44  3.48104e+33  2.29273e+33
45  3.97995e+33  2.60719e+33
46  4.22109e+33  2.68354e+33
47  4.51213e+33  2.78559e+33
48  4.70489e+33  2.76291e+33
49  4.75402e+33  2.72889e+33
50  4.72454e+33  2.64045e+33
51  4.80013e+33  2.51194e+33
52  4.58016e+33  2.20731e+33
53  4.43124e+33  2.10752e+33
54  4.4199e+33  1.95483e+33
55  4.45694e+33  1.95936e+33
56  4.24302e+33  1.71898e+33
57  4.00792e+33  1.52773e+33
58  4.05025e+33  1.54436e+33
59  3.6995e+33  1.34857e+33
60  3.49918e+33  1.23065e+33
61  3.29055e+33  1.14296e+33
62  2.93451e+33  9.35837e+32
63  2.88613e+33  8.96529e+32
64  2.52102e+33  7.58194e+32
65  2.18463e+33  6.25151e+32
66  2.01076e+33  5.14786e+32
67  1.7734e+33  4.57336e+32
68  1.60937e+33  3.65868e+32
69  1.40829e+33  3.1371e+32
70  1.27071e+33  2.59283e+32
71  1.04545e+33  2.13171e+32
72  8.84434e+32  1.61012e+32
73  8.56465e+32  1.82934e+32
74  6.55388e+32  1.20948e+32
75  6.01718e+32  1.20192e+32
76  5.17054e+32  8.16401e+31
77  3.9157e+32  6.57656e+31
78  3.32608e+32  3.17489e+31
79  2.40385e+32  2.87252e+31
80  1.88982e+32  2.87252e+31
81  1.68572e+32  3.93082e+31
82  1.27752e+32  1.88982e+31
83  1.06586e+32  1.51185e+31
84  7.33249e+31  8.31519e+30
85  6.65215e+31  1.51185e+31
86  5.89623e+31  6.04741e+30
87  3.85523e+31  2.26778e+30
88  1.66304e+31  1.51185e+30
89  2.11659e+31  3.02371e+30
90  1.13389e+31  0
91  9.82705e+30  7.55927e+29
92  6.80334e+30  7.55927e+29
93  3.77963e+30  0
94  3.77963e+30  1.51185e+30
95  7.55927e+29  7.55927e+29
96  0  0
97  7.55927e+29  0
98  7.55927e+29  0
99  0  0
                                         
 *********************************************************************** 
 ------------- other information  ------------ 
             
